## Поиск по папкам (find) ##

1.	Создание папки
Professional@User-PC MINGW64 /c/dev/git/HomeWork (main)
$ mkdir terminal_2

2.	Создание репозитория

Professional@User-PC MINGW64 /c/dev/git/HomeWork (main)
$ mkdir terminal_2/r1 terminal_2/r2 terminal_2/r3

3.	Наполнение репозитория данными

Professional@User-PC MINGW64 /c/dev/git/HomeWork (main)
$ cat >> terminal_2/r1/f1.txt
line_1
line_2
line_3

4.	Копирование данных в другой репозиторий

Professional@User-PC MINGW64 /c/dev/git/HomeWork (main)
$ cp terminal_2/r1/f1.txt terminal_2/r2/f1.txt


Professional@User-PC MINGW64 /c/dev/git/HomeWork (main)
$ ls -la -r terminal_2/r2/
total 1
-rw-r--r-- 1 Professional 197608 21 Nov 17 22:32 f1.txt
drwxr-xr-x 1 Professional 197608  0 Nov 17 22:28 ../
drwxr-xr-x 1 Professional 197608  0 Nov 17 22:32 ./

5.	Наполнение файла данными

Professional@User-PC MINGW64 /c/dev/git/HomeWork (main)
$ cat >>terminal_2/r2/f1.txt
line_4
line_5

6.	Копирование данных в другой репозиторий

Professional@User-PC MINGW64 /c/dev/git/HomeWork (main)
$ cp terminal_2/r2/f1.txt terminal_2/r2/f2.txt

Professional@User-PC MINGW64 /c/dev/git/HomeWork (main)
$ ls -la -r terminal_2/r2/
total 2
-rw-r--r-- 1 Professional 197608 28 Nov 17 22:46 f2.txt
-rw-r--r-- 1 Professional 197608 28 Nov 17 22:44 f1.txt
drwxr-xr-x 1 Professional 197608  0 Nov 17 22:28 ../
drwxr-xr-x 1 Professional 197608  0 Nov 17 22:46 ./

7.	Наполнение репозитория данными

Professional@User-PC MINGW64 /c/dev/git/HomeWork (main)
$ cat >> terminal_2/r2/f2.txt
line_6
line_7

8.	Копирование данных в другие репозитории

Professional@User-PC MINGW64 /c/dev/git/HomeWork (main)
$ cp terminal_2/r2/f2.txt terminal_2/r3/f1.txt

Professional@User-PC MINGW64 /c/dev/git/HomeWork (main)
$ cp terminal_2/r3/f1.txt terminal_2/r3/f2.txt

Professional@User-PC MINGW64 /c/dev/git/HomeWork (main)
$ cp terminal_2/r3/f1.txt terminal_2/r3/f3.txt

9.	Наполнение репозиториев данными 

Professional@User-PC MINGW64 /c/dev/git/HomeWork (main)
$ cat >> terminal_2/r3/f1.txt
line_99
line_100


Professional@User-PC MINGW64 /c/dev/git/HomeWork (main)
$ cat >> terminal_2/r3/f2.txt
line_99
line_100
line_110
line_120


Professional@User-PC MINGW64 /c/dev/git/HomeWork (main)
$ cat >> terminal_2/r3/f3.txt
line_99
line_100
line_110
line_120
line_130
line_140

10.	Поиск конкретного файла с конкретным названием в конкретной папке

Professional@User-PC MINGW64 /c/dev/git/HomeWork (main)
$ find r2 -name 'f2.txt'

find: ‘r2’: No such file or directory

11.	Аналогично п.10 только поиск по всем репозиториям

Professional@User-PC MINGW64 /c/dev/git/HomeWork (main)
$ find . -name 'f2.txt'
./terminal_2/r2/f2.txt
./terminal_2/r3/f2.txt

12.	Найти файлы с определенным куском текста в названии

Professional@User-PC MINGW64 /c/dev/git
$ find . -name '*txt*'

./HomeWork/terminal_2/r1/f1.txt
./HomeWork/terminal_2/r2/f1.txt
./HomeWork/terminal_2/r2/f2.txt
./HomeWork/terminal_2/r3/f1.txt
./HomeWork/terminal_2/r3/f2.txt
./HomeWork/terminal_2/r3/f3.txt


Professional@User-PC MINGW64 /c/dev/git/HomeWork (main)
$ find . -name '*f1*'

./.git/objects/01/29a32c2864d2c64fc5c5871c98e946864f1b6c
./.git/objects/04/a860538c22a0e37d266d77f121a79fa1d95d8c
./.git/objects/08/68f4d29121a91ff13a4ca6fd6f335748e85a36
./.git/objects/17/c1001385c58b6a1f1837793705d2a2bd24502b
./.git/objects/1e/0fe78f12fc4856c50a6eac8c9d1445970e39ca
./.git/objects/1e/cc29292eba5f143b39f30f0ab9dae2f1d49bbe
./.git/objects/1f/8924f7281c5e661b702ceadd4c6efb6f1d35cc
./.git/objects/21/e184410646b0ac5a3da1dac695474f1bd026a4
./.git/objects/25/4affc711f22ecc01db0e4f1f0f4ae4231d43b1
./.git/objects/27/8e7e32260441325026bdabcfff905162f1456a
./.git/objects/2e/b37f70076831cfaf1f5795778e6c8e845fdc94
./.git/objects/2f/0e1241d5a725014d2a774d7ef15fa62359b796
./.git/objects/33/480f1f4e39fe9c15d5fe66a422b995d54e9c06
./.git/objects/39/77d5e18191df16ab5f6470e504d0b210a66a10
./.git/objects/3b/322e319f115998ce33b34b2488186f66256d99
./.git/objects/3e/478649ff12f82f31d8d916be9e9f5ab666cab1
./.git/objects/3e/c638d2c33681fb62b4f277d83ef1d9381b1856
./.git/objects/4a/72754defd8db13c0991d3d55f2ba2c2b1609f1
./.git/objects/4e/dd53fc99554d5700f01208abee8f124eeaf0e0
./.git/objects/58/d54372f60c00d8b75ef0d013b500214f151cc6
./.git/objects/5a/9940ddf14c09db1a7c5641571083521d080fd6
./.git/objects/5e/daa8a7f338f15a7797789bc736d0f2a8c201ae
./.git/objects/5f/91956fee650db35f13db82f2fd1afe68c84ce1
./.git/objects/63/e85e34f1b22631b58aaab16d1dab5595c45857
./.git/objects/64/09c01c619483e174f174d59dac0213d3a904db
./.git/objects/69/22376e419267852b8982610982b7bf0f15767a
./.git/objects/6a/fd9945c642a91f114f66480fe20673b6a56280
./.git/objects/6b/db4467f1ebf4a7500c90065f7627361ad70a1e
./.git/objects/6f/39155ff571b5745ca443b36c451725cf1b615e
./.git/objects/72/5d6e598431f4ee31ba1322fcb5f15829bf14ad
./.git/objects/76/b8b628cca02bb259f1a5e174f800963a1e50bc
./.git/objects/76/ef118e3ffdc99df4c87db212e3d370d85dc6ae
./.git/objects/82/a7ed9a52774736a5e6fd78e4e1affb02f3f15c
./.git/objects/8c/9786f11575a9dc4ea3ff83ecc0ce9784d941b2
./.git/objects/92/0f0f116cde654298f594567d28746c84d4f562
./.git/objects/99/e12ad9007e3309bfa34a293c1f16867f433c8a
./.git/objects/b0/7555bf84e462d532a98ec3f1d48cbbfe68aa3f
./.git/objects/b4/6bb73f1c9132fbfeb67c6efcda4329497dfef9
./.git/objects/b5/1170e4a5d798479f1aba3ceed04055da36a683
./.git/objects/be/5beed3e7b35513c42958f6d4fd0edecd28ef1d
./.git/objects/c2/5a21aef1d468b938b07361fc98f979126dda8e
./.git/objects/c7/74ac71f1d2a7ac2b530fbb4284a8e06474c7f9
./.git/objects/cf/f8f127c4478fd0854dd931153494d0a802feeb
./.git/objects/da/9c9b7d3f1f50abbd8e83a0b002d88afc58c781
./.git/objects/db/6aa1a5567cdf25ce323f12fd4b9ec774b40ffb
./.git/objects/df/0acf004f14f760883ecae8f2613fa9dbe0623d
./.git/objects/e7/b3f45f19e7f245be28a5ca077bce49540ffff4
./.git/objects/ec/9cc30f5ea392f8f1e9528b09fe9002a8f1e616
./.git/objects/ed/42e3d4a1dcc2a2fb6ff1c9c9314fb5fd30abf7
./.git/objects/ed/5cdaf108ce961e9183396ae87bd7baa80cc4d2
./.git/objects/f0/9d3ecf93f1ce5cc5fb46d051d8c100617c6dab
./.git/objects/f1
./.git/objects/f3/4b8a990a59c5f21f2fe59a2e392ef1ed9803c7
./.git/objects/fa/ed2f248ed2f1ac33b152516f7f705341ec7137
./.git/objects/fc/a67351aeaab90379864d323774a8a434e636f1
./.git/objects/ff/e54b674214ff18ff9968a57f3fc6b8d47ce78e
./terminal_2/r1/f1.txt
./terminal_2/r2/f1.txt
./terminal_2/r3/f1.txt

13.	Добавить папки

Professional@User-PC MINGW64 /c/dev/git/HomeWork/terminal_2 (main)
$ mkdir r1/inner_f1

Professional@User-PC MINGW64 /c/dev/git/HomeWork/terminal_2 (main)
$ mkdir r1/inner_folder_f1

14.	Поиск по кусочку из названия файла 

Professional@User-PC MINGW64 /c/dev/git/HomeWork/terminal_2 (main)
$ find . -name '*f1*'
./r1/f1.txt
./r1/inner_f1
./r1/inner_folder_f1
./r2/f1.txt
./r3/f1.txt

15.	Профильтровать поиск только среди файлов (f)

Professional@User-PC MINGW64 /c/dev/git/HomeWork/terminal_2 (main)
$ find . -type f -name '*f1*'
./r1/f1.txt
./r2/f1.txt
./r3/f1.txt

16.	Поиск только среди директориев (d)

Professional@User-PC MINGW64 /c/dev/git/HomeWork/terminal_2 (main)
$ find . -type d -name '*f1*'
./r1/inner_f1
./r1/inner_folder_f1

17.	Поиск по всем папкам 

Professional@User-PC MINGW64 /c/dev/git
$ find . -type d -name '*f1*'
./HomeWork/.git/objects/f1
./HomeWork/terminal_2/r1/inner_f1
./HomeWork/terminal_2/r1/inner_folder_f1

## Логи (grep) ##

1.	Поиск по конкретной текстовой строке (по репозиториям)

Professional@User-PC MINGW64 /c/dev/git/HomeWork/terminal_2/r3 (main)
$ ls
f1.txt  f2.txt  f3.txt

Professional@User-PC MINGW64 /c/dev/git/HomeWork/terminal_2/r3 (main)
$ grep line f3.txt
line_1
line_2
line_3
line_4
line_6
line_7
line_99
line_100
line_110
line_120
line_130
line_140

2.	Аналогично п.1 (но название содержимого конкретнее)

Professional@User-PC MINGW64 /c/dev/git/HomeWork/terminal_2/r3 (main)
$ grep line_1 f3.txt
line_1
line_100
line_110
line_120
line_130
line_140

3.	Поиск по конкретно такому слову, не по куску (-w)

Professional@User-PC MINGW64 /c/dev/git/HomeWork/terminal_2/r3 (main)
$ grep -w line_1 f3.txt
line_1

4.	Поиск не только по строке, которая находится в файле но и выводит и название файла, в котором находится найденная строка (-l -r)

Professional@User-PC MINGW64 /c/dev/git/HomeWork/terminal_2/r3 (main)
$ grep -l -r line_100
f1.txt
f2.txt
f3.txt

Professional@User-PC MINGW64 /c/dev/git/HomeWork/terminal_2/r3 (main)
$ grep -l -r line_100 f3.txt
f3.txt

Professional@User-PC MINGW64 /c/dev/git/HomeWork/terminal_2 (main)
$ grep -l -r line_100
r3/f1.txt
r3/f2.txt
r3/f3.txt

Professional@User-PC MINGW64 /c/dev/git/HomeWork/terminal_2 (main)
$ grep -l -r line_100 r3/f1.txt r3/f3.txt
r3/f1.txt
r3/f3.txt

5.	Копирование результата поиска grep сразу в какую-то конкретную папку с названием

Professional@User-PC MINGW64 /c/dev/git/HomeWork/terminal_2 (main)
$ grep -r line_100 . > copy_lines.txt
grep: input file ‘./copy_lines.txt’ is also the output


Professional@User-PC MINGW64 /c/dev/git/HomeWork/terminal_2 (main)
$ grep -r line_10 > copy_lines.txt
grep: input file ‘copy_lines.txt’ is also the output

Professional@User-PC MINGW64 /c/dev/git/HomeWork/terminal_2 (main)
$ grep -r line_10 . > ccopy_lines.txt
grep: input file ‘./ccopy_lines.txt’ is also the output

Professional@User-PC MINGW64 /c/dev/git/HomeWork/terminal_2 (main)
$ cat copy_lines.txt
r3/f1.txt:line_100
r3/f2.txt:line_100
r3/f3.txt:line_100
